// Jest Snapshot v1, https://goo.gl/fbAQLP

exports[`WuiPanel is rendered 1`] = `
<div
  aria-label="aria-label"
  class="wuiPanel wuiPanel--paddingMedium testClass1 testClass2"
  data-test-subj="test subject string"
/>
`;
