// Jest Snapshot v1, https://goo.gl/fbAQLP

exports[`WuiGlobalToastListItem is rendered 1`] = `
<div
  class="wuiGlobalToastListItem"
>
  Hi
</div>
`;
