// Jest Snapshot v1, https://goo.gl/fbAQLP

exports[`WuiDescriptionListDescription is rendered 1`] = `
<dd
  aria-label="aria-label"
  class="wuiDescriptionList__description testClass1 testClass2"
  data-test-subj="test subject string"
>
  Content
</dd>
`;
